// Jest Snapshot v1, https://goo.gl/fbAQLP

exports[`renders quote and author 1`] = `"Quote: I started on an Apple II, which I had bought at the very end of 1978 for half of my annual income. I made $4,500 a year, and I spent half of it on the computer. -Bill Budge"`;

exports[`renders quote and author 2`] = `"Quote: I think I was lucky to come of age in a place and time - the American South in the 1960s and '70s - when the machine hadn't completely taken over life. The natural world was still the world, and machines - TV, telephone, cars - were still more or less ancillary, and computers were unheard of in everyday life. -Ben Fountain"`;
